../LWIP/App/lwip.c:134:6:MX_LWIP_Init	56	static
../LWIP/App/lwip.c:188:13:ethernetif_input	24	static
../LWIP/App/lwip.c:216:13:ethernet_link_thread	136	static
../LWIP/App/lwip.c:284:6:HAL_ETH_MspInit	64	static
../LWIP/App/lwip.c:331:6:HAL_ETH_MspDeInit	16	static
../LWIP/App/lwip.c:362:6:HAL_ETH_RxCpltCallback	16	static
../LWIP/App/lwip.c:370:6:HAL_ETH_TxCpltCallback	16	static
../LWIP/App/lwip.c:378:6:HAL_ETH_ErrorCallback	16	static
../LWIP/App/lwip.c:388:6:HAL_ETH_RxAllocateCallback	32	static
../LWIP/App/lwip.c:409:6:HAL_ETH_RxLinkCallback	40	static
../LWIP/App/lwip.c:441:6:HAL_ETH_TxFreeCallback	16	static
../LWIP/App/lwip.c:452:7:sys_now	8	static
../LWIP/App/lwip.c:465:13:ethernet_link_status_updated	16	static
../LWIP/App/lwip.c:489:14:ethernetif_init	16	static
../LWIP/App/lwip.c:540:13:pbuf_free_custom	24	static
../LWIP/App/lwip.c:564:13:low_level_init	168	static
../LWIP/App/lwip.c:700:22:low_level_input	24	static
../LWIP/App/lwip.c:727:14:low_level_output	80	static
../LWIP/App/lwip.c:781:9:ETH_PHY_IO_Init	8	static
../LWIP/App/lwip.c:797:9:ETH_PHY_IO_DeInit	4	static
../LWIP/App/lwip.c:808:9:ETH_PHY_IO_ReadReg	24	static
../LWIP/App/lwip.c:823:9:ETH_PHY_IO_WriteReg	24	static
../LWIP/App/lwip.c:835:9:ETH_PHY_IO_GetTick	8	static
