../ExtLib/hmc833.c:50:6:HMC833_Init	88	static,ignoring_inline_asm
../ExtLib/hmc833.c:128:6:HMC833_SetFreq	56	static
../ExtLib/hmc833.c:187:10:HMC833_GetChipId	8	static
../ExtLib/hmc833.c:205:6:HMC833_RstRegCfg	32	static
../ExtLib/hmc833.c:228:6:HMC833_RefDivCfg	16	static
../ExtLib/hmc833.c:240:6:HMC833_SetFreqIntPart	16	static
../ExtLib/hmc833.c:252:6:HMC833_SetFreqFracPart	16	static
../ExtLib/hmc833.c:271:6:HMC833_VcoSubsys	24	static
../ExtLib/hmc833.c:299:6:HMC833_VcoSpi	32	static
../ExtLib/hmc833.c:347:6:HMC833_SdCfg	32	static
../ExtLib/hmc833.c:391:6:HMC833_LockDetect	32	static
../ExtLib/hmc833.c:420:6:HMC833_AnalogEnable	24	static
../ExtLib/hmc833.c:470:6:HMC833_ChargePump	32	static
../ExtLib/hmc833.c:512:6:HMC833_VcoAutocal	32	static
../ExtLib/hmc833.c:554:6:HMC833_PhaseDetector	32	static
../ExtLib/hmc833.c:586:6:HMC833_ExactFreqchPerFpd	16	static
../ExtLib/hmc833.c:632:6:HMC833_GpoSpiRdiv	32	static
../ExtLib/hmc833.c:661:19:HMC833_GetVcoTune	8	static
../ExtLib/hmc833.c:677:15:HMC833_GetSar	8	static
../ExtLib/hmc833.c:693:16:HMC833_GetGpo2	8	static
../ExtLib/hmc833.c:707:16:HMC833_GetBist	8	static
../ExtLib/hmc833.c:725:6:HMC833_VcoTuning	24	static
../ExtLib/hmc833.c:747:6:HMC833_VcoEnables	32	static
../ExtLib/hmc833.c:795:6:HMC833_VcoBiases	24	static
../ExtLib/hmc833.c:821:6:HMC833_VcoConfig	24	static
../ExtLib/hmc833.c:841:17:HMC833_ReadReg	16	static
../ExtLib/hmc833.c:867:13:HMC833_WriteReg	16	static
../ExtLib/hmc833.c:887:13:HMC833_ESpiClk	8	static,ignoring_inline_asm
../ExtLib/hmc833.c:898:13:HMC833_ESpiRxData	32	static,ignoring_inline_asm
../ExtLib/hmc833.c:938:13:HMC833_ESpiTxData	24	static
